
  .   ____          _            __ _ _
 /\\ / ___'_ __ _ _(_)_ __  __ _ \ \ \ \
( ( )\___ | '_ | '_| | '_ \/ _` | \ \ \ \
 \\/  ___)| |_)| | | | | || (_| |  ) ) ) )
  '  |____| .__|_| |_|_| |_\__, | / / / /
 =========|_|==============|___/=/_/_/_/

 :: Spring Boot ::                (v3.5.0)

2025-11-11T10:35:10.355+01:00  INFO 27124 --- [           main] c.e.kunden.KundenBackendApplication      : Starting KundenBackendApplication using Java 25.0.1 with PID 27124 (C:\Users\kevin.trifel\.vscode\cli\backend\target\kunden-backend-0.0.1-SNAPSHOT.jar started by kevin.trifel in C:\Users\kevin.trifel\.vscode\cli\backend)
2025-11-11T10:35:10.373+01:00  INFO 27124 --- [           main] c.e.kunden.KundenBackendApplication      : No active profile set, falling back to 1 default profile: "default"
2025-11-11T10:35:12.791+01:00  INFO 27124 --- [           main] .s.d.r.c.RepositoryConfigurationDelegate : Bootstrapping Spring Data JPA repositories in DEFAULT mode.
2025-11-11T10:35:13.020+01:00  INFO 27124 --- [           main] .s.d.r.c.RepositoryConfigurationDelegate : Finished Spring Data repository scanning in 188 ms. Found 2 JPA repository interfaces.
2025-11-11T10:35:14.714+01:00  INFO 27124 --- [           main] o.s.b.w.embedded.tomcat.TomcatWebServer  : Tomcat initialized with port 8080 (http)
2025-11-11T10:35:14.792+01:00  INFO 27124 --- [           main] o.apache.catalina.core.StandardService   : Starting service [Tomcat]
2025-11-11T10:35:14.796+01:00  INFO 27124 --- [           main] o.apache.catalina.core.StandardEngine    : Starting Servlet engine: [Apache Tomcat/10.1.41]
2025-11-11T10:35:14.926+01:00  INFO 27124 --- [           main] o.a.c.c.C.[Tomcat].[localhost].[/]       : Initializing Spring embedded WebApplicationContext
2025-11-11T10:35:14.933+01:00  INFO 27124 --- [           main] w.s.c.ServletWebServerApplicationContext : Root WebApplicationContext: initialization completed in 4388 ms
2025-11-11T10:35:15.544+01:00  INFO 27124 --- [           main] o.hibernate.jpa.internal.util.LogHelper  : HHH000204: Processing PersistenceUnitInfo [name: default]
2025-11-11T10:35:15.835+01:00  INFO 27124 --- [           main] org.hibernate.Version                    : HHH000412: Hibernate ORM core version 6.6.15.Final
2025-11-11T10:35:16.012+01:00  INFO 27124 --- [           main] o.h.c.internal.RegionFactoryInitiator    : HHH000026: Second-level cache disabled
2025-11-11T10:35:17.598+01:00  INFO 27124 --- [           main] o.s.o.j.p.SpringPersistenceUnitInfo      : No LoadTimeWeaver setup: ignoring JPA class transformer
2025-11-11T10:35:17.809+01:00  INFO 27124 --- [           main] com.zaxxer.hikari.HikariDataSource       : HikariPool-1 - Starting...
2025-11-11T10:35:19.702+01:00  INFO 27124 --- [           main] com.zaxxer.hikari.pool.HikariPool        : HikariPool-1 - Added connection com.mysql.cj.jdbc.ConnectionImpl@12e007be
2025-11-11T10:35:19.715+01:00  INFO 27124 --- [           main] com.zaxxer.hikari.HikariDataSource       : HikariPool-1 - Start completed.
2025-11-11T10:35:20.136+01:00  WARN 27124 --- [           main] org.hibernate.orm.deprecation            : HHH90000025: MySQLDialect does not need to be specified explicitly using 'hibernate.dialect' (remove the property setting and it will be selected by default)
2025-11-11T10:35:20.193+01:00  INFO 27124 --- [           main] org.hibernate.orm.connections.pooling    : HHH10001005: Database info:
	Database JDBC URL [Connecting through datasource 'HikariDataSource (HikariPool-1)']
	Database driver: undefined/unknown
	Database version: 8.0.44
	Autocommit mode: undefined/unknown
	Isolation level: undefined/unknown
	Minimum pool size: undefined/unknown
	Maximum pool size: undefined/unknown
2025-11-11T10:35:22.928+01:00  INFO 27124 --- [           main] o.h.e.t.j.p.i.JtaPlatformInitiator       : HHH000489: No JTA platform available (set 'hibernate.transaction.jta.platform' to enable JTA platform integration)
2025-11-11T10:35:23.337+01:00  INFO 27124 --- [           main] j.LocalContainerEntityManagerFactoryBean : Initialized JPA EntityManagerFactory for persistence unit 'default'
2025-11-11T10:35:25.787+01:00  INFO 27124 --- [           main] o.s.b.w.embedded.tomcat.TomcatWebServer  : Tomcat started on port 8080 (http) with context path '/'
2025-11-11T10:35:25.855+01:00  INFO 27124 --- [           main] c.e.kunden.KundenBackendApplication      : Started KundenBackendApplication in 17.018 seconds (process running for 18.737)
2025-11-11T10:36:03.629+01:00  INFO 27124 --- [nio-8080-exec-1] o.a.c.c.C.[Tomcat].[localhost].[/]       : Initializing Spring DispatcherServlet 'dispatcherServlet'
2025-11-11T10:36:03.634+01:00  INFO 27124 --- [nio-8080-exec-1] o.s.web.servlet.DispatcherServlet        : Initializing Servlet 'dispatcherServlet'
2025-11-11T10:36:03.637+01:00  INFO 27124 --- [nio-8080-exec-1] o.s.web.servlet.DispatcherServlet        : Completed initialization in 2 ms
Hibernate: 
    select
        k1_0.kunden_id,
        k1_0.adresse_id,
        k1_0.e_mail,
        k1_0.firma,
        k1_0.geburtsdatum,
        k1_0.nachname,
        k1_0.telefonnummer,
        k1_0.vorname 
    from
        kunde k1_0
